// Jest Snapshot v1, https://goo.gl/fbAQLP

exports[`Global Style render correctly 1`] = `<head />`;
